
> build
> vite build && tsc --noEmit

vite v8.0.9 building client environment for production...
[2Ktransforming...✓ 706 modules transformed.
✗ Build failed in 369ms
error during build:
Build failed with 1 error:

[31m[UNRESOLVED_IMPORT] Error:[0m Could not resolve '../components/PremiumLock' in src/screens/OrdersTrackingScreen.tsx
   [38;5;246m╭[0m[38;5;246m─[0m[38;5;246m[[0m src/screens/OrdersTrackingScreen.tsx:7:29 [38;5;246m][0m
   [38;5;246m│[0m
 [38;5;246m7 │[0m [38;5;249mi[0m[38;5;249mm[0m[38;5;249mp[0m[38;5;249mo[0m[38;5;249mr[0m[38;5;249mt[0m[38;5;249m [0m[38;5;249m{[0m[38;5;249m [0m[38;5;249mP[0m[38;5;249mr[0m[38;5;249me[0m[38;5;249mm[0m[38;5;249mi[0m[38;5;249mu[0m[38;5;249mm[0m[38;5;249mL[0m[38;5;249mo[0m[38;5;249mc[0m[38;5;249mk[0m[38;5;249m [0m[38;5;249m}[0m[38;5;249m [0m[38;5;249mf[0m[38;5;249mr[0m[38;5;249mo[0m[38;5;249mm[0m[38;5;249m [0m"../components/PremiumLock"[38;5;249m;[0m
 [38;5;240m  │[0m                             ─────────────┬─────────────  
 [38;5;240m  │[0m                                          ╰─────────────── Module not found.
 [38;5;240m  │[0m 
 [38;5;240m  │[0m [38;5;115mHelp[0m: 'src/screens/OrdersTrackingScreen.tsx' is imported by the following path:
 [38;5;240m  │[0m         - src/screens/OrdersTrackingScreen.tsx
 [38;5;240m  │[0m         - src/routes/orders.tsx?tsr-split=component
 [38;5;240m  │[0m         - src/routes/orders.tsx
 [38;5;240m  │[0m         - src/routeTree.gen.ts
 [38;5;240m  │[0m         - src/router.tsx
 [38;5;240m  │[0m         - node_modules/@tanstack/start-client-core/dist/esm/client/hydrateStart.js
 [38;5;240m  │[0m         - node_modules/@tanstack/start-client-core/dist/esm/client/index.js
 [38;5;240m  │[0m         - node_modules/@tanstack/react-start-client/dist/esm/hydrateStart.js
 [38;5;240m  │[0m         - node_modules/@tanstack/react-start-client/dist/esm/index.js
 [38;5;240m  │[0m         - node_modules/@tanstack/react-start/dist/esm/client.js
 [38;5;240m  │[0m         - node_modules/@tanstack/react-start/dist/plugin/default-entry/client.tsx
[38;5;246m───╯[0m

    at aggregateBindingErrorsIntoJsError (file:///Users/yanaiedri/projects/BuildPro/my-tanstack-app/node_modules/rolldown/dist/shared/error-DAA7ncC5.mjs:48:18)
    at unwrapBindingResult (file:///Users/yanaiedri/projects/BuildPro/my-tanstack-app/node_modules/rolldown/dist/shared/error-DAA7ncC5.mjs:18:128)
    at #build (file:///Users/yanaiedri/projects/BuildPro/my-tanstack-app/node_modules/rolldown/dist/shared/rolldown-build-BPKCFYpX.mjs:3317:34)
    at async buildEnvironment (file:///Users/yanaiedri/projects/BuildPro/my-tanstack-app/node_modules/vite/dist/node/chunks/node.js:32999:64)
    at async Object.build (file:///Users/yanaiedri/projects/BuildPro/my-tanstack-app/node_modules/vite/dist/node/chunks/node.js:33421:19)
    at async buildStartViteEnvironments (file:///Users/yanaiedri/projects/BuildPro/my-tanstack-app/node_modules/@tanstack/start-plugin-core/dist/esm/vite/planning.js:93:23)
    at async Object.buildApp (file:///Users/yanaiedri/projects/BuildPro/my-tanstack-app/node_modules/@tanstack/start-plugin-core/dist/esm/vite/plugin.js:110:8)
    at async Object.buildApp (file:///Users/yanaiedri/projects/BuildPro/my-tanstack-app/node_modules/vite/dist/node/chunks/node.js:33413:6)
    at async CAC.<anonymous> (file:///Users/yanaiedri/projects/BuildPro/my-tanstack-app/node_modules/vite/dist/node/cli.js:778:3) {
  errors: [Getter/Setter]
}
